../../../../STM32Cube_FW_N6/Drivers/STM32N6xx_HAL_Driver/Inc/stm32n6xx_ll_bus.h:679:22:LL_MEM_EnableClock	1
../../../../STM32Cube_FW_N6/Drivers/STM32N6xx_HAL_Driver/Inc/stm32n6xx_ll_bus.h:785:22:LL_MEM_EnableClockLowPower	1
../../../../STM32Cube_FW_N6/Drivers/STM32N6xx_HAL_Driver/Inc/stm32n6xx_ll_bus.h:2065:22:LL_AHB5_GRP1_EnableClockLowPower	1
C:/Users/ksolo/STM32CubeIDE/workspace_2.1.0/STM32N6-GettingStarted-ObjectDetection-main/Application/STM32N6570-DK/Src/main.c:574:13:SystemClock_Config	4
C:/Users/ksolo/STM32CubeIDE/workspace_2.1.0/STM32N6-GettingStarted-ObjectDetection-main/Application/STM32N6570-DK/Src/main.c:165:5:main	24
C:/Users/ksolo/STM32CubeIDE/workspace_2.1.0/STM32N6-GettingStarted-ObjectDetection-main/Application/STM32N6570-DK/Src/main.c:435:6:IAC_IRQHandler	1
C:/Users/ksolo/STM32CubeIDE/workspace_2.1.0/STM32N6-GettingStarted-ObjectDetection-main/Application/STM32N6570-DK/Src/main.c:547:19:MX_DCMIPP_ClockConfig	2
C:/Users/ksolo/STM32CubeIDE/workspace_2.1.0/STM32N6-GettingStarted-ObjectDetection-main/Application/STM32N6570-DK/Src/main.c:708:5:_write	2
C:/Users/ksolo/STM32CubeIDE/workspace_2.1.0/STM32N6-GettingStarted-ObjectDetection-main/Application/STM32N6570-DK/Src/main.c:722:6:npu_cache_enable_clocks_and_reset	1
C:/Users/ksolo/STM32CubeIDE/workspace_2.1.0/STM32N6-GettingStarted-ObjectDetection-main/Application/STM32N6570-DK/Src/main.c:730:6:npu_cache_disable_clocks_and_reset	1
C:/Users/ksolo/STM32CubeIDE/workspace_2.1.0/STM32N6-GettingStarted-ObjectDetection-main/Application/STM32N6570-DK/Src/main.c:746:6:assert_failed	1
