../../../../STM32Cube_FW_N6/Drivers/STM32N6xx_HAL_Driver/Inc/stm32n6xx_ll_bus.h:679:22:LL_MEM_EnableClock	8	static
../../../../STM32Cube_FW_N6/Drivers/STM32N6xx_HAL_Driver/Inc/stm32n6xx_ll_bus.h:785:22:LL_MEM_EnableClockLowPower	8	static
../../../../STM32Cube_FW_N6/Drivers/STM32N6xx_HAL_Driver/Inc/stm32n6xx_ll_bus.h:2065:22:LL_AHB5_GRP1_EnableClockLowPower	8	static
C:/Users/ksolo/STM32CubeIDE/workspace_2.1.0/STM32N6-GettingStarted-ObjectDetection-main/Application/NUCLEO-N657X0-Q/Src/main.c:608:13:SystemClock_Config	632	static
C:/Users/ksolo/STM32CubeIDE/workspace_2.1.0/STM32N6-GettingStarted-ObjectDetection-main/Application/NUCLEO-N657X0-Q/Src/main.c:174:5:main	264	static,ignoring_inline_asm
C:/Users/ksolo/STM32CubeIDE/workspace_2.1.0/STM32N6-GettingStarted-ObjectDetection-main/Application/NUCLEO-N657X0-Q/Src/main.c:442:6:IAC_IRQHandler	0	static
C:/Users/ksolo/STM32CubeIDE/workspace_2.1.0/STM32N6-GettingStarted-ObjectDetection-main/Application/NUCLEO-N657X0-Q/Src/main.c:581:19:MX_DCMIPP_ClockConfig	408	static
C:/Users/ksolo/STM32CubeIDE/workspace_2.1.0/STM32N6-GettingStarted-ObjectDetection-main/Application/NUCLEO-N657X0-Q/Src/main.c:742:5:_write	8	static
C:/Users/ksolo/STM32CubeIDE/workspace_2.1.0/STM32N6-GettingStarted-ObjectDetection-main/Application/NUCLEO-N657X0-Q/Src/main.c:757:6:npu_cache_enable_clocks_and_reset	16	static
C:/Users/ksolo/STM32CubeIDE/workspace_2.1.0/STM32N6-GettingStarted-ObjectDetection-main/Application/NUCLEO-N657X0-Q/Src/main.c:765:6:npu_cache_disable_clocks_and_reset	0	static
C:/Users/ksolo/STM32CubeIDE/workspace_2.1.0/STM32N6-GettingStarted-ObjectDetection-main/Application/NUCLEO-N657X0-Q/Src/main.c:781:6:assert_failed	0	static,ignoring_inline_asm
