/home/ksolo/PEI/Smart-Stadium-Staff-App---PEI/STM32N6-GettingStarted-ObjectDetection/Middlewares/stm32-vision-models-postprocessing/lib_vision_models_pp/Src/od_pp_st_yolox.c:19:9:st_yolox_nms_comparator	8	static
/home/ksolo/PEI/Smart-Stadium-Staff-App---PEI/STM32N6-GettingStarted-ObjectDetection/Middlewares/stm32-vision-models-postprocessing/lib_vision_models_pp/Src/od_pp_st_yolox.c:53:9:st_yolox_pp_nmsFiltering_centroid	48	static
/home/ksolo/PEI/Smart-Stadium-Staff-App---PEI/STM32N6-GettingStarted-ObjectDetection/Middlewares/stm32-vision-models-postprocessing/lib_vision_models_pp/Src/od_pp_st_yolox.c:115:9:st_yolox_pp_scoreFiltering_centroid	20	static
/home/ksolo/PEI/Smart-Stadium-Staff-App---PEI/STM32N6-GettingStarted-ObjectDetection/Middlewares/stm32-vision-models-postprocessing/lib_vision_models_pp/Src/od_pp_st_yolox.c:139:9:st_yolox_pp_level_decode_and_store	104	static
/home/ksolo/PEI/Smart-Stadium-Staff-App---PEI/STM32N6-GettingStarted-ObjectDetection/Middlewares/stm32-vision-models-postprocessing/lib_vision_models_pp/Src/od_pp_st_yolox.c:237:9:st_yolox_pp_level_decode_and_store_is8	112	static
/home/ksolo/PEI/Smart-Stadium-Staff-App---PEI/STM32N6-GettingStarted-ObjectDetection/Middlewares/stm32-vision-models-postprocessing/lib_vision_models_pp/Src/od_pp_st_yolox.c:370:9:st_yolox_pp_getNNBoxes_centroid	24	static
/home/ksolo/PEI/Smart-Stadium-Staff-App---PEI/STM32N6-GettingStarted-ObjectDetection/Middlewares/stm32-vision-models-postprocessing/lib_vision_models_pp/Src/od_pp_st_yolox.c:415:9:st_yolox_pp_getNNBoxes_centroid_is8	32	static
/home/ksolo/PEI/Smart-Stadium-Staff-App---PEI/STM32N6-GettingStarted-ObjectDetection/Middlewares/stm32-vision-models-postprocessing/lib_vision_models_pp/Src/od_pp_st_yolox.c:469:9:od_st_yolox_pp_reset	0	static
/home/ksolo/PEI/Smart-Stadium-Staff-App---PEI/STM32N6-GettingStarted-ObjectDetection/Middlewares/stm32-vision-models-postprocessing/lib_vision_models_pp/Src/od_pp_st_yolox.c:478:9:od_st_yolox_pp_process	16	static
/home/ksolo/PEI/Smart-Stadium-Staff-App---PEI/STM32N6-GettingStarted-ObjectDetection/Middlewares/stm32-vision-models-postprocessing/lib_vision_models_pp/Src/od_pp_st_yolox.c:502:9:od_st_yolox_pp_process_int8	16	static
