/home/ksolo/PEI/Smart-Stadium-Staff-App---PEI/STM32N6-GettingStarted-ObjectDetection/Middlewares/screenl/uvcl/Src/uvcl.c:351:12:compare_streams	8	static
/home/ksolo/PEI/Smart-Stadium-Staff-App---PEI/STM32N6-GettingStarted-ObjectDetection/Middlewares/screenl/uvcl/Src/uvcl.c:438:18:UVCL_StartNewFrameTransmission	16	static,ignoring_inline_asm
/home/ksolo/PEI/Smart-Stadium-Staff-App---PEI/STM32N6-GettingStarted-ObjectDetection/Middlewares/screenl/uvcl/Src/uvcl.c:467:6:UVCL_UpdateOnFlyCtx	16	static
/home/ksolo/PEI/Smart-Stadium-Staff-App---PEI/STM32N6-GettingStarted-ObjectDetection/Middlewares/screenl/uvcl/Src/uvcl.c:488:6:UVCL_AbortOnFlyCtx	8	static
/home/ksolo/PEI/Smart-Stadium-Staff-App---PEI/STM32N6-GettingStarted-ObjectDetection/Middlewares/screenl/uvcl/Src/uvcl.c:498:10:UVCL_ComputedwMaxVideoFrameSize	16	static
/home/ksolo/PEI/Smart-Stadium-Staff-App---PEI/STM32N6-GettingStarted-ObjectDetection/Middlewares/screenl/uvcl/Src/uvcl.c:451:5:UVCL_handle_setup_request	24	static
/home/ksolo/PEI/Smart-Stadium-Staff-App---PEI/STM32N6-GettingStarted-ObjectDetection/Middlewares/screenl/uvcl/Src/uvcl.c:548:6:UVCL_SetupStreamingStream	24	static
/home/ksolo/PEI/Smart-Stadium-Staff-App---PEI/STM32N6-GettingStarted-ObjectDetection/Middlewares/screenl/uvcl/Src/uvcl.c:567:5:UVCL_Init	352	static
/home/ksolo/PEI/Smart-Stadium-Staff-App---PEI/STM32N6-GettingStarted-ObjectDetection/Middlewares/screenl/uvcl/Src/uvcl.c:603:5:UVCL_Deinit	8	static
/home/ksolo/PEI/Smart-Stadium-Staff-App---PEI/STM32N6-GettingStarted-ObjectDetection/Middlewares/screenl/uvcl/Src/uvcl.c:612:6:UVCL_IRQHandler	0	static
/home/ksolo/PEI/Smart-Stadium-Staff-App---PEI/STM32N6-GettingStarted-ObjectDetection/Middlewares/screenl/uvcl/Src/uvcl.c:623:5:UVCL_ShowFrame	0	static,ignoring_inline_asm
